[1.647s] Invoking command in '/home/student/robotic_musician/src': DEBUGINFOD_URLS=https://debuginfod.ubuntu.com PYTHONPATH=/home/student/robotic_musician/build/robotic_musician/prefix_override:/usr/lib/python3/dist-packages/colcon_core/task/python/colcon_distutils_commands:/home/student/robotic_musician/install/robotic_musician/lib/python3.12/site-packages:${PYTHONPATH} /usr/bin/python3 -W ignore:setup.py install is deprecated -W ignore:easy_install command is deprecated setup.py egg_info --egg-base ../build/robotic_musician build --build-base /home/student/robotic_musician/build/robotic_musician/build install --record /home/student/robotic_musician/build/robotic_musician/install.log --single-version-externally-managed install_data
[2.192s] running egg_info
[2.216s] writing ../build/robotic_musician/robotic_musician.egg-info/PKG-INFO
[2.217s] writing dependency_links to ../build/robotic_musician/robotic_musician.egg-info/dependency_links.txt
[2.217s] writing entry points to ../build/robotic_musician/robotic_musician.egg-info/entry_points.txt
[2.218s] writing requirements to ../build/robotic_musician/robotic_musician.egg-info/requires.txt
[2.218s] writing top-level names to ../build/robotic_musician/robotic_musician.egg-info/top_level.txt
[2.307s] reading manifest file '../build/robotic_musician/robotic_musician.egg-info/SOURCES.txt'
[2.308s] adding license file 'LICENSE'
[2.308s] writing manifest file '../build/robotic_musician/robotic_musician.egg-info/SOURCES.txt'
[2.308s] running build
[2.309s] running build_py
[2.309s] copying robotic_musician/gesture.py -> /home/student/robotic_musician/build/robotic_musician/build/lib/robotic_musician
[2.309s] running install
[2.316s] running install_lib
[2.352s] copying /home/student/robotic_musician/build/robotic_musician/build/lib/robotic_musician/gesture.py -> /home/student/robotic_musician/install/robotic_musician/lib/python3.12/site-packages/robotic_musician
[2.353s] byte-compiling /home/student/robotic_musician/install/robotic_musician/lib/python3.12/site-packages/robotic_musician/gesture.py to gesture.cpython-312.pyc
[2.359s] running install_data
[2.359s] running install_egg_info
[2.403s] removing '/home/student/robotic_musician/install/robotic_musician/lib/python3.12/site-packages/robotic_musician-0.0.0-py3.12.egg-info' (and everything under it)
[2.404s] Copying ../build/robotic_musician/robotic_musician.egg-info to /home/student/robotic_musician/install/robotic_musician/lib/python3.12/site-packages/robotic_musician-0.0.0-py3.12.egg-info
[2.405s] running install_scripts
[2.633s] Installing gesture script to /home/student/robotic_musician/install/robotic_musician/lib/robotic_musician
[2.634s] Installing music script to /home/student/robotic_musician/install/robotic_musician/lib/robotic_musician
[2.636s] writing list of installed files to '/home/student/robotic_musician/build/robotic_musician/install.log'
[2.705s] Invoked command in '/home/student/robotic_musician/src' returned '0': DEBUGINFOD_URLS=https://debuginfod.ubuntu.com PYTHONPATH=/home/student/robotic_musician/build/robotic_musician/prefix_override:/usr/lib/python3/dist-packages/colcon_core/task/python/colcon_distutils_commands:/home/student/robotic_musician/install/robotic_musician/lib/python3.12/site-packages:${PYTHONPATH} /usr/bin/python3 -W ignore:setup.py install is deprecated -W ignore:easy_install command is deprecated setup.py egg_info --egg-base ../build/robotic_musician build --build-base /home/student/robotic_musician/build/robotic_musician/build install --record /home/student/robotic_musician/build/robotic_musician/install.log --single-version-externally-managed install_data
