[0.398s] Invoking command in '/home/student/robotic_musician/src': DEBUGINFOD_URLS=https://debuginfod.ubuntu.com PYTHONPATH=/home/student/robotic_musician/build/robotic_musician/prefix_override:/usr/lib/python3/dist-packages/colcon_core/task/python/colcon_distutils_commands:/home/student/robotic_musician/install/robotic_musician/lib/python3.12/site-packages:${PYTHONPATH} /usr/bin/python3 -W ignore:setup.py install is deprecated -W ignore:easy_install command is deprecated setup.py egg_info --egg-base ../build/robotic_musician build --build-base /home/student/robotic_musician/build/robotic_musician/build install --record /home/student/robotic_musician/build/robotic_musician/install.log --single-version-externally-managed install_data
[0.534s] running egg_info
[0.543s] writing ../build/robotic_musician/robotic_musician.egg-info/PKG-INFO
[0.543s] writing dependency_links to ../build/robotic_musician/robotic_musician.egg-info/dependency_links.txt
[0.544s] writing entry points to ../build/robotic_musician/robotic_musician.egg-info/entry_points.txt
[0.544s] writing requirements to ../build/robotic_musician/robotic_musician.egg-info/requires.txt
[0.544s] writing top-level names to ../build/robotic_musician/robotic_musician.egg-info/top_level.txt
[0.563s] reading manifest file '../build/robotic_musician/robotic_musician.egg-info/SOURCES.txt'
[0.563s] adding license file 'LICENSE'
[0.563s] writing manifest file '../build/robotic_musician/robotic_musician.egg-info/SOURCES.txt'
[0.563s] running build
[0.563s] running build_py
[0.563s] copying robotic_musician/music.py -> /home/student/robotic_musician/build/robotic_musician/build/lib/robotic_musician
[0.564s] running install
[0.567s] running install_lib
[0.576s] copying /home/student/robotic_musician/build/robotic_musician/build/lib/robotic_musician/music.py -> /home/student/robotic_musician/install/robotic_musician/lib/python3.12/site-packages/robotic_musician
[0.577s] byte-compiling /home/student/robotic_musician/install/robotic_musician/lib/python3.12/site-packages/robotic_musician/music.py to music.cpython-312.pyc
[0.577s] running install_data
[0.577s] running install_egg_info
[0.586s] removing '/home/student/robotic_musician/install/robotic_musician/lib/python3.12/site-packages/robotic_musician-0.0.0-py3.12.egg-info' (and everything under it)
[0.586s] Copying ../build/robotic_musician/robotic_musician.egg-info to /home/student/robotic_musician/install/robotic_musician/lib/python3.12/site-packages/robotic_musician-0.0.0-py3.12.egg-info
[0.587s] running install_scripts
[0.659s] Installing gesture script to /home/student/robotic_musician/install/robotic_musician/lib/robotic_musician
[0.659s] Installing music script to /home/student/robotic_musician/install/robotic_musician/lib/robotic_musician
[0.659s] writing list of installed files to '/home/student/robotic_musician/build/robotic_musician/install.log'
[0.671s] Invoked command in '/home/student/robotic_musician/src' returned '0': DEBUGINFOD_URLS=https://debuginfod.ubuntu.com PYTHONPATH=/home/student/robotic_musician/build/robotic_musician/prefix_override:/usr/lib/python3/dist-packages/colcon_core/task/python/colcon_distutils_commands:/home/student/robotic_musician/install/robotic_musician/lib/python3.12/site-packages:${PYTHONPATH} /usr/bin/python3 -W ignore:setup.py install is deprecated -W ignore:easy_install command is deprecated setup.py egg_info --egg-base ../build/robotic_musician build --build-base /home/student/robotic_musician/build/robotic_musician/build install --record /home/student/robotic_musician/build/robotic_musician/install.log --single-version-externally-managed install_data
