[1.080s] Invoking command in '/home/student/robotic_musician/src': DEBUGINFOD_URLS=https://debuginfod.ubuntu.com PYTHONPATH=/home/student/robotic_musician/build/robotic_musician/prefix_override:/usr/lib/python3/dist-packages/colcon_core/task/python/colcon_distutils_commands:/home/student/robotic_musician/install/robotic_musician/lib/python3.12/site-packages:${PYTHONPATH} /usr/bin/python3 -W ignore:setup.py install is deprecated -W ignore:easy_install command is deprecated setup.py egg_info --egg-base ../build/robotic_musician build --build-base /home/student/robotic_musician/build/robotic_musician/build install --record /home/student/robotic_musician/build/robotic_musician/install.log --single-version-externally-managed install_data
[1.435s] running egg_info
[1.469s] writing ../build/robotic_musician/robotic_musician.egg-info/PKG-INFO
[1.469s] writing dependency_links to ../build/robotic_musician/robotic_musician.egg-info/dependency_links.txt
[1.469s] writing entry points to ../build/robotic_musician/robotic_musician.egg-info/entry_points.txt
[1.469s] writing requirements to ../build/robotic_musician/robotic_musician.egg-info/requires.txt
[1.469s] writing top-level names to ../build/robotic_musician/robotic_musician.egg-info/top_level.txt
[1.497s] reading manifest file '../build/robotic_musician/robotic_musician.egg-info/SOURCES.txt'
[1.497s] adding license file 'LICENSE'
[1.497s] writing manifest file '../build/robotic_musician/robotic_musician.egg-info/SOURCES.txt'
[1.498s] running build
[1.498s] running build_py
[1.498s] running install
[1.503s] running install_lib
[1.524s] running install_data
[1.524s] running install_egg_info
[1.561s] removing '/home/student/robotic_musician/install/robotic_musician/lib/python3.12/site-packages/robotic_musician-0.0.0-py3.12.egg-info' (and everything under it)
[1.561s] Copying ../build/robotic_musician/robotic_musician.egg-info to /home/student/robotic_musician/install/robotic_musician/lib/python3.12/site-packages/robotic_musician-0.0.0-py3.12.egg-info
[1.562s] running install_scripts
[1.698s] Installing gesture script to /home/student/robotic_musician/install/robotic_musician/lib/robotic_musician
[1.698s] Installing music script to /home/student/robotic_musician/install/robotic_musician/lib/robotic_musician
[1.698s] writing list of installed files to '/home/student/robotic_musician/build/robotic_musician/install.log'
[1.729s] Invoked command in '/home/student/robotic_musician/src' returned '0': DEBUGINFOD_URLS=https://debuginfod.ubuntu.com PYTHONPATH=/home/student/robotic_musician/build/robotic_musician/prefix_override:/usr/lib/python3/dist-packages/colcon_core/task/python/colcon_distutils_commands:/home/student/robotic_musician/install/robotic_musician/lib/python3.12/site-packages:${PYTHONPATH} /usr/bin/python3 -W ignore:setup.py install is deprecated -W ignore:easy_install command is deprecated setup.py egg_info --egg-base ../build/robotic_musician build --build-base /home/student/robotic_musician/build/robotic_musician/build install --record /home/student/robotic_musician/build/robotic_musician/install.log --single-version-externally-managed install_data
