[1.683s] Invoking command in '/home/student/robotic_musician/src': DEBUGINFOD_URLS=https://debuginfod.ubuntu.com PYTHONPATH=/home/student/robotic_musician/build/robotic_musician/prefix_override:/usr/lib/python3/dist-packages/colcon_core/task/python/colcon_distutils_commands:/home/student/robotic_musician/install/robotic_musician/lib/python3.12/site-packages:${PYTHONPATH} /usr/bin/python3 -W ignore:setup.py install is deprecated -W ignore:easy_install command is deprecated setup.py egg_info --egg-base ../build/robotic_musician build --build-base /home/student/robotic_musician/build/robotic_musician/build install --record /home/student/robotic_musician/build/robotic_musician/install.log --single-version-externally-managed install_data
[2.214s] running egg_info
[2.247s] writing ../build/robotic_musician/robotic_musician.egg-info/PKG-INFO
[2.248s] writing dependency_links to ../build/robotic_musician/robotic_musician.egg-info/dependency_links.txt
[2.249s] writing entry points to ../build/robotic_musician/robotic_musician.egg-info/entry_points.txt
[2.249s] writing requirements to ../build/robotic_musician/robotic_musician.egg-info/requires.txt
[2.249s] writing top-level names to ../build/robotic_musician/robotic_musician.egg-info/top_level.txt
[2.318s] reading manifest file '../build/robotic_musician/robotic_musician.egg-info/SOURCES.txt'
[2.318s] adding license file 'LICENSE'
[2.319s] writing manifest file '../build/robotic_musician/robotic_musician.egg-info/SOURCES.txt'
[2.320s] running build
[2.320s] running build_py
[2.320s] copying robotic_musician/music.py -> /home/student/robotic_musician/build/robotic_musician/build/lib/robotic_musician
[2.321s] running install
[2.336s] running install_lib
[2.382s] copying /home/student/robotic_musician/build/robotic_musician/build/lib/robotic_musician/music.py -> /home/student/robotic_musician/install/robotic_musician/lib/python3.12/site-packages/robotic_musician
[2.383s] byte-compiling /home/student/robotic_musician/install/robotic_musician/lib/python3.12/site-packages/robotic_musician/music.py to music.cpython-312.pyc
[2.387s] running install_data
[2.388s] running install_egg_info
[2.417s] removing '/home/student/robotic_musician/install/robotic_musician/lib/python3.12/site-packages/robotic_musician-0.0.0-py3.12.egg-info' (and everything under it)
[2.417s] Copying ../build/robotic_musician/robotic_musician.egg-info to /home/student/robotic_musician/install/robotic_musician/lib/python3.12/site-packages/robotic_musician-0.0.0-py3.12.egg-info
[2.418s] running install_scripts
[2.648s] Installing gesture script to /home/student/robotic_musician/install/robotic_musician/lib/robotic_musician
[2.648s] Installing music script to /home/student/robotic_musician/install/robotic_musician/lib/robotic_musician
[2.649s] writing list of installed files to '/home/student/robotic_musician/build/robotic_musician/install.log'
[2.709s] Invoked command in '/home/student/robotic_musician/src' returned '0': DEBUGINFOD_URLS=https://debuginfod.ubuntu.com PYTHONPATH=/home/student/robotic_musician/build/robotic_musician/prefix_override:/usr/lib/python3/dist-packages/colcon_core/task/python/colcon_distutils_commands:/home/student/robotic_musician/install/robotic_musician/lib/python3.12/site-packages:${PYTHONPATH} /usr/bin/python3 -W ignore:setup.py install is deprecated -W ignore:easy_install command is deprecated setup.py egg_info --egg-base ../build/robotic_musician build --build-base /home/student/robotic_musician/build/robotic_musician/build install --record /home/student/robotic_musician/build/robotic_musician/install.log --single-version-externally-managed install_data
