[1.267s] Invoking command in '/home/student/robotic_musician/src/robotic_musician': DEBUGINFOD_URLS=https://debuginfod.ubuntu.com PYTHONPATH=/home/student/robotic_musician/build/robotic_musician/prefix_override:/usr/lib/python3/dist-packages/colcon_core/task/python/colcon_distutils_commands:/home/student/robotic_musician/install/robotic_musician/lib/python3.12/site-packages:${PYTHONPATH} /usr/bin/python3 -W ignore:setup.py install is deprecated -W ignore:easy_install command is deprecated setup.py egg_info --egg-base ../../build/robotic_musician build --build-base /home/student/robotic_musician/build/robotic_musician/build install --record /home/student/robotic_musician/build/robotic_musician/install.log --single-version-externally-managed install_data
[1.628s] running egg_info
[1.673s] writing ../../build/robotic_musician/robotic_musician.egg-info/PKG-INFO
[1.673s] writing dependency_links to ../../build/robotic_musician/robotic_musician.egg-info/dependency_links.txt
[1.673s] writing entry points to ../../build/robotic_musician/robotic_musician.egg-info/entry_points.txt
[1.674s] writing requirements to ../../build/robotic_musician/robotic_musician.egg-info/requires.txt
[1.674s] writing top-level names to ../../build/robotic_musician/robotic_musician.egg-info/top_level.txt
[1.709s] reading manifest file '../../build/robotic_musician/robotic_musician.egg-info/SOURCES.txt'
[1.709s] adding license file 'LICENSE'
[1.709s] writing manifest file '../../build/robotic_musician/robotic_musician.egg-info/SOURCES.txt'
[1.710s] running build
[1.710s] running build_py
[1.710s] copying robotic_musician/gesture.py -> /home/student/robotic_musician/build/robotic_musician/build/lib/robotic_musician
[1.710s] running install
[1.716s] running install_lib
[1.757s] copying /home/student/robotic_musician/build/robotic_musician/build/lib/robotic_musician/gesture.py -> /home/student/robotic_musician/install/robotic_musician/lib/python3.12/site-packages/robotic_musician
[1.758s] byte-compiling /home/student/robotic_musician/install/robotic_musician/lib/python3.12/site-packages/robotic_musician/gesture.py to gesture.cpython-312.pyc
[1.761s] running install_data
[1.762s] running install_egg_info
[1.789s] removing '/home/student/robotic_musician/install/robotic_musician/lib/python3.12/site-packages/robotic_musician-0.0.0-py3.12.egg-info' (and everything under it)
[1.789s] Copying ../../build/robotic_musician/robotic_musician.egg-info to /home/student/robotic_musician/install/robotic_musician/lib/python3.12/site-packages/robotic_musician-0.0.0-py3.12.egg-info
[1.790s] running install_scripts
[1.967s] Installing gesture script to /home/student/robotic_musician/install/robotic_musician/lib/robotic_musician
[1.968s] writing list of installed files to '/home/student/robotic_musician/build/robotic_musician/install.log'
[2.000s] Invoked command in '/home/student/robotic_musician/src/robotic_musician' returned '0': DEBUGINFOD_URLS=https://debuginfod.ubuntu.com PYTHONPATH=/home/student/robotic_musician/build/robotic_musician/prefix_override:/usr/lib/python3/dist-packages/colcon_core/task/python/colcon_distutils_commands:/home/student/robotic_musician/install/robotic_musician/lib/python3.12/site-packages:${PYTHONPATH} /usr/bin/python3 -W ignore:setup.py install is deprecated -W ignore:easy_install command is deprecated setup.py egg_info --egg-base ../../build/robotic_musician build --build-base /home/student/robotic_musician/build/robotic_musician/build install --record /home/student/robotic_musician/build/robotic_musician/install.log --single-version-externally-managed install_data
