[1.073s] Invoking command in '/home/student/robotic_musician/src': DEBUGINFOD_URLS=https://debuginfod.ubuntu.com PYTHONPATH=/home/student/robotic_musician/build/robotic_musician/prefix_override:/usr/lib/python3/dist-packages/colcon_core/task/python/colcon_distutils_commands:/home/student/robotic_musician/install/robotic_musician/lib/python3.12/site-packages:${PYTHONPATH} /usr/bin/python3 -W ignore:setup.py install is deprecated -W ignore:easy_install command is deprecated setup.py egg_info --egg-base ../build/robotic_musician build --build-base /home/student/robotic_musician/build/robotic_musician/build install --record /home/student/robotic_musician/build/robotic_musician/install.log --single-version-externally-managed install_data
[1.467s] running egg_info
[1.483s] writing ../build/robotic_musician/robotic_musician.egg-info/PKG-INFO
[1.483s] writing dependency_links to ../build/robotic_musician/robotic_musician.egg-info/dependency_links.txt
[1.483s] writing entry points to ../build/robotic_musician/robotic_musician.egg-info/entry_points.txt
[1.483s] writing requirements to ../build/robotic_musician/robotic_musician.egg-info/requires.txt
[1.483s] writing top-level names to ../build/robotic_musician/robotic_musician.egg-info/top_level.txt
[1.510s] reading manifest file '../build/robotic_musician/robotic_musician.egg-info/SOURCES.txt'
[1.510s] adding license file 'LICENSE'
[1.511s] writing manifest file '../build/robotic_musician/robotic_musician.egg-info/SOURCES.txt'
[1.511s] running build
[1.511s] running build_py
[1.512s] copying robotic_musician/music.py -> /home/student/robotic_musician/build/robotic_musician/build/lib/robotic_musician
[1.512s] running install
[1.526s] running install_lib
[1.568s] copying /home/student/robotic_musician/build/robotic_musician/build/lib/robotic_musician/music.py -> /home/student/robotic_musician/install/robotic_musician/lib/python3.12/site-packages/robotic_musician
[1.569s] byte-compiling /home/student/robotic_musician/install/robotic_musician/lib/python3.12/site-packages/robotic_musician/music.py to music.cpython-312.pyc
[1.570s] running install_data
[1.570s] running install_egg_info
[1.591s] removing '/home/student/robotic_musician/install/robotic_musician/lib/python3.12/site-packages/robotic_musician-0.0.0-py3.12.egg-info' (and everything under it)
[1.591s] Copying ../build/robotic_musician/robotic_musician.egg-info to /home/student/robotic_musician/install/robotic_musician/lib/python3.12/site-packages/robotic_musician-0.0.0-py3.12.egg-info
[1.592s] running install_scripts
[1.761s] Installing gesture script to /home/student/robotic_musician/install/robotic_musician/lib/robotic_musician
[1.762s] Installing music script to /home/student/robotic_musician/install/robotic_musician/lib/robotic_musician
[1.762s] writing list of installed files to '/home/student/robotic_musician/build/robotic_musician/install.log'
[1.792s] Invoked command in '/home/student/robotic_musician/src' returned '0': DEBUGINFOD_URLS=https://debuginfod.ubuntu.com PYTHONPATH=/home/student/robotic_musician/build/robotic_musician/prefix_override:/usr/lib/python3/dist-packages/colcon_core/task/python/colcon_distutils_commands:/home/student/robotic_musician/install/robotic_musician/lib/python3.12/site-packages:${PYTHONPATH} /usr/bin/python3 -W ignore:setup.py install is deprecated -W ignore:easy_install command is deprecated setup.py egg_info --egg-base ../build/robotic_musician build --build-base /home/student/robotic_musician/build/robotic_musician/build install --record /home/student/robotic_musician/build/robotic_musician/install.log --single-version-externally-managed install_data
