[1.082s] Invoking command in '/home/student/robotic_musician/src': DEBUGINFOD_URLS=https://debuginfod.ubuntu.com PYTHONPATH=/home/student/robotic_musician/build/robotic_musician/prefix_override:/usr/lib/python3/dist-packages/colcon_core/task/python/colcon_distutils_commands:/home/student/robotic_musician/install/robotic_musician/lib/python3.12/site-packages:${PYTHONPATH} /usr/bin/python3 -W ignore:setup.py install is deprecated -W ignore:easy_install command is deprecated setup.py egg_info --egg-base ../build/robotic_musician build --build-base /home/student/robotic_musician/build/robotic_musician/build install --record /home/student/robotic_musician/build/robotic_musician/install.log --single-version-externally-managed install_data
[1.400s] running egg_info
[1.418s] writing ../build/robotic_musician/robotic_musician.egg-info/PKG-INFO
[1.420s] writing dependency_links to ../build/robotic_musician/robotic_musician.egg-info/dependency_links.txt
[1.420s] writing entry points to ../build/robotic_musician/robotic_musician.egg-info/entry_points.txt
[1.420s] writing requirements to ../build/robotic_musician/robotic_musician.egg-info/requires.txt
[1.420s] writing top-level names to ../build/robotic_musician/robotic_musician.egg-info/top_level.txt
[1.487s] reading manifest file '../build/robotic_musician/robotic_musician.egg-info/SOURCES.txt'
[1.488s] adding license file 'LICENSE'
[1.488s] writing manifest file '../build/robotic_musician/robotic_musician.egg-info/SOURCES.txt'
[1.488s] running build
[1.488s] running build_py
[1.489s] copying robotic_musician/gesture.py -> /home/student/robotic_musician/build/robotic_musician/build/lib/robotic_musician
[1.489s] running install
[1.494s] running install_lib
[1.507s] copying /home/student/robotic_musician/build/robotic_musician/build/lib/robotic_musician/gesture.py -> /home/student/robotic_musician/install/robotic_musician/lib/python3.12/site-packages/robotic_musician
[1.507s] byte-compiling /home/student/robotic_musician/install/robotic_musician/lib/python3.12/site-packages/robotic_musician/gesture.py to gesture.cpython-312.pyc
[1.509s] running install_data
[1.509s] running install_egg_info
[1.548s] removing '/home/student/robotic_musician/install/robotic_musician/lib/python3.12/site-packages/robotic_musician-0.0.0-py3.12.egg-info' (and everything under it)
[1.549s] Copying ../build/robotic_musician/robotic_musician.egg-info to /home/student/robotic_musician/install/robotic_musician/lib/python3.12/site-packages/robotic_musician-0.0.0-py3.12.egg-info
[1.550s] running install_scripts
[1.695s] Installing gesture script to /home/student/robotic_musician/install/robotic_musician/lib/robotic_musician
[1.695s] Installing music script to /home/student/robotic_musician/install/robotic_musician/lib/robotic_musician
[1.696s] writing list of installed files to '/home/student/robotic_musician/build/robotic_musician/install.log'
[1.716s] Invoked command in '/home/student/robotic_musician/src' returned '0': DEBUGINFOD_URLS=https://debuginfod.ubuntu.com PYTHONPATH=/home/student/robotic_musician/build/robotic_musician/prefix_override:/usr/lib/python3/dist-packages/colcon_core/task/python/colcon_distutils_commands:/home/student/robotic_musician/install/robotic_musician/lib/python3.12/site-packages:${PYTHONPATH} /usr/bin/python3 -W ignore:setup.py install is deprecated -W ignore:easy_install command is deprecated setup.py egg_info --egg-base ../build/robotic_musician build --build-base /home/student/robotic_musician/build/robotic_musician/build install --record /home/student/robotic_musician/build/robotic_musician/install.log --single-version-externally-managed install_data
