[0.414s] Invoking command in '/home/student/robotic_musician/src': DEBUGINFOD_URLS=https://debuginfod.ubuntu.com PYTHONPATH=/home/student/robotic_musician/build/robotic_musician/prefix_override:/usr/lib/python3/dist-packages/colcon_core/task/python/colcon_distutils_commands:/home/student/robotic_musician/install/robotic_musician/lib/python3.12/site-packages:${PYTHONPATH} /usr/bin/python3 -W ignore:setup.py install is deprecated -W ignore:easy_install command is deprecated setup.py egg_info --egg-base ../build/robotic_musician build --build-base /home/student/robotic_musician/build/robotic_musician/build install --record /home/student/robotic_musician/build/robotic_musician/install.log --single-version-externally-managed install_data
[0.543s] running egg_info
[0.552s] writing ../build/robotic_musician/robotic_musician.egg-info/PKG-INFO
[0.552s] writing dependency_links to ../build/robotic_musician/robotic_musician.egg-info/dependency_links.txt
[0.552s] writing entry points to ../build/robotic_musician/robotic_musician.egg-info/entry_points.txt
[0.552s] writing requirements to ../build/robotic_musician/robotic_musician.egg-info/requires.txt
[0.552s] writing top-level names to ../build/robotic_musician/robotic_musician.egg-info/top_level.txt
[0.570s] reading manifest file '../build/robotic_musician/robotic_musician.egg-info/SOURCES.txt'
[0.570s] adding license file 'LICENSE'
[0.570s] writing manifest file '../build/robotic_musician/robotic_musician.egg-info/SOURCES.txt'
[0.570s] running build
[0.570s] running build_py
[0.571s] copying robotic_musician/gesture.py -> /home/student/robotic_musician/build/robotic_musician/build/lib/robotic_musician
[0.571s] copying robotic_musician/music.py -> /home/student/robotic_musician/build/robotic_musician/build/lib/robotic_musician
[0.571s] running install
[0.574s] running install_lib
[0.583s] copying /home/student/robotic_musician/build/robotic_musician/build/lib/robotic_musician/gesture.py -> /home/student/robotic_musician/install/robotic_musician/lib/python3.12/site-packages/robotic_musician
[0.583s] copying /home/student/robotic_musician/build/robotic_musician/build/lib/robotic_musician/music.py -> /home/student/robotic_musician/install/robotic_musician/lib/python3.12/site-packages/robotic_musician
[0.583s] byte-compiling /home/student/robotic_musician/install/robotic_musician/lib/python3.12/site-packages/robotic_musician/gesture.py to gesture.cpython-312.pyc
[0.584s] byte-compiling /home/student/robotic_musician/install/robotic_musician/lib/python3.12/site-packages/robotic_musician/music.py to music.cpython-312.pyc
[0.584s] running install_data
[0.585s] running install_egg_info
[0.594s] removing '/home/student/robotic_musician/install/robotic_musician/lib/python3.12/site-packages/robotic_musician-0.0.0-py3.12.egg-info' (and everything under it)
[0.594s] Copying ../build/robotic_musician/robotic_musician.egg-info to /home/student/robotic_musician/install/robotic_musician/lib/python3.12/site-packages/robotic_musician-0.0.0-py3.12.egg-info
[0.594s] running install_scripts
[0.659s] Installing gesture script to /home/student/robotic_musician/install/robotic_musician/lib/robotic_musician
[0.659s] Installing music script to /home/student/robotic_musician/install/robotic_musician/lib/robotic_musician
[0.659s] writing list of installed files to '/home/student/robotic_musician/build/robotic_musician/install.log'
[0.671s] Invoked command in '/home/student/robotic_musician/src' returned '0': DEBUGINFOD_URLS=https://debuginfod.ubuntu.com PYTHONPATH=/home/student/robotic_musician/build/robotic_musician/prefix_override:/usr/lib/python3/dist-packages/colcon_core/task/python/colcon_distutils_commands:/home/student/robotic_musician/install/robotic_musician/lib/python3.12/site-packages:${PYTHONPATH} /usr/bin/python3 -W ignore:setup.py install is deprecated -W ignore:easy_install command is deprecated setup.py egg_info --egg-base ../build/robotic_musician build --build-base /home/student/robotic_musician/build/robotic_musician/build install --record /home/student/robotic_musician/build/robotic_musician/install.log --single-version-externally-managed install_data
