[0.384s] Invoking command in '/home/student/robotic_musician/build/robotic_musician': DEBUGINFOD_URLS=https://debuginfod.ubuntu.com PYTHONPATH=/home/student/robotic_musician/build/robotic_musician/prefix_override:/usr/lib/python3/dist-packages/colcon_core/task/python/colcon_distutils_commands:/home/student/robotic_musician/install/robotic_musician/lib/python3.12/site-packages:${PYTHONPATH} /usr/bin/python3 -W ignore:setup.py install is deprecated -W ignore:easy_install command is deprecated setup.py develop --editable --build-directory /home/student/robotic_musician/build/robotic_musician/build --no-deps symlink_data --force
[0.542s] running develop
[0.638s] running egg_info
[0.648s] writing robotic_musician.egg-info/PKG-INFO
[0.648s] writing dependency_links to robotic_musician.egg-info/dependency_links.txt
[0.648s] writing entry points to robotic_musician.egg-info/entry_points.txt
[0.648s] writing requirements to robotic_musician.egg-info/requires.txt
[0.648s] writing top-level names to robotic_musician.egg-info/top_level.txt
[0.667s] reading manifest file 'robotic_musician.egg-info/SOURCES.txt'
[0.667s] writing manifest file 'robotic_musician.egg-info/SOURCES.txt'
[0.677s] running build_ext
[0.679s] Creating /home/student/robotic_musician/install/robotic_musician/lib/python3.12/site-packages/robotic-musician.egg-link (link to .)
[0.679s] Installing gesture script to /home/student/robotic_musician/install/robotic_musician/lib/robotic_musician
[0.679s] Installing music script to /home/student/robotic_musician/install/robotic_musician/lib/robotic_musician
[0.680s] 
[0.680s] Installed /home/student/robotic_musician/build/robotic_musician
[0.680s] running symlink_data
[0.680s] symbolically linking /home/student/robotic_musician/build/robotic_musician/resource/robotic_musician -> /home/student/robotic_musician/install/robotic_musician/share/ament_index/resource_index/packages
[0.680s] symbolically linking /home/student/robotic_musician/build/robotic_musician/package.xml -> /home/student/robotic_musician/install/robotic_musician/share/robotic_musician
[0.693s] Invoked command in '/home/student/robotic_musician/build/robotic_musician' returned '0': DEBUGINFOD_URLS=https://debuginfod.ubuntu.com PYTHONPATH=/home/student/robotic_musician/build/robotic_musician/prefix_override:/usr/lib/python3/dist-packages/colcon_core/task/python/colcon_distutils_commands:/home/student/robotic_musician/install/robotic_musician/lib/python3.12/site-packages:${PYTHONPATH} /usr/bin/python3 -W ignore:setup.py install is deprecated -W ignore:easy_install command is deprecated setup.py develop --editable --build-directory /home/student/robotic_musician/build/robotic_musician/build --no-deps symlink_data --force
