[0.404s] Invoking command in '/home/student/robotic_musician/src': DEBUGINFOD_URLS=https://debuginfod.ubuntu.com PYTHONPATH=/home/student/robotic_musician/build/robotic_musician/prefix_override:/usr/lib/python3/dist-packages/colcon_core/task/python/colcon_distutils_commands:/home/student/robotic_musician/install/robotic_musician/lib/python3.12/site-packages:${PYTHONPATH} /usr/bin/python3 -W ignore:setup.py install is deprecated -W ignore:easy_install command is deprecated setup.py egg_info --egg-base ../build/robotic_musician build --build-base /home/student/robotic_musician/build/robotic_musician/build install --record /home/student/robotic_musician/build/robotic_musician/install.log --single-version-externally-managed install_data
[0.557s] running egg_info
[0.566s] writing ../build/robotic_musician/robotic_musician.egg-info/PKG-INFO
[0.566s] writing dependency_links to ../build/robotic_musician/robotic_musician.egg-info/dependency_links.txt
[0.566s] writing entry points to ../build/robotic_musician/robotic_musician.egg-info/entry_points.txt
[0.567s] writing requirements to ../build/robotic_musician/robotic_musician.egg-info/requires.txt
[0.567s] writing top-level names to ../build/robotic_musician/robotic_musician.egg-info/top_level.txt
[0.585s] reading manifest file '../build/robotic_musician/robotic_musician.egg-info/SOURCES.txt'
[0.585s] adding license file 'LICENSE'
[0.585s] writing manifest file '../build/robotic_musician/robotic_musician.egg-info/SOURCES.txt'
[0.585s] running build
[0.585s] running build_py
[0.585s] running install
[0.589s] running install_lib
[0.598s] running install_data
[0.598s] running install_egg_info
[0.608s] removing '/home/student/robotic_musician/install/robotic_musician/lib/python3.12/site-packages/robotic_musician-0.0.0-py3.12.egg-info' (and everything under it)
[0.608s] Copying ../build/robotic_musician/robotic_musician.egg-info to /home/student/robotic_musician/install/robotic_musician/lib/python3.12/site-packages/robotic_musician-0.0.0-py3.12.egg-info
[0.608s] running install_scripts
[0.680s] Installing gesture script to /home/student/robotic_musician/install/robotic_musician/lib/robotic_musician
[0.680s] Installing music script to /home/student/robotic_musician/install/robotic_musician/lib/robotic_musician
[0.680s] writing list of installed files to '/home/student/robotic_musician/build/robotic_musician/install.log'
[0.692s] Invoked command in '/home/student/robotic_musician/src' returned '0': DEBUGINFOD_URLS=https://debuginfod.ubuntu.com PYTHONPATH=/home/student/robotic_musician/build/robotic_musician/prefix_override:/usr/lib/python3/dist-packages/colcon_core/task/python/colcon_distutils_commands:/home/student/robotic_musician/install/robotic_musician/lib/python3.12/site-packages:${PYTHONPATH} /usr/bin/python3 -W ignore:setup.py install is deprecated -W ignore:easy_install command is deprecated setup.py egg_info --egg-base ../build/robotic_musician build --build-base /home/student/robotic_musician/build/robotic_musician/build install --record /home/student/robotic_musician/build/robotic_musician/install.log --single-version-externally-managed install_data
