[0.459s] Invoking command in '/home/student/robotic_musician/src': DEBUGINFOD_URLS=https://debuginfod.ubuntu.com PYTHONPATH=/home/student/robotic_musician/build/robotic_musician/prefix_override:/usr/lib/python3/dist-packages/colcon_core/task/python/colcon_distutils_commands:/home/student/robotic_musician/install/robotic_musician/lib/python3.12/site-packages:${PYTHONPATH} /usr/bin/python3 -W ignore:setup.py install is deprecated -W ignore:easy_install command is deprecated setup.py egg_info --egg-base ../build/robotic_musician build --build-base /home/student/robotic_musician/build/robotic_musician/build install --record /home/student/robotic_musician/build/robotic_musician/install.log --single-version-externally-managed install_data
[0.604s] running egg_info
[0.615s] writing ../build/robotic_musician/robotic_musician.egg-info/PKG-INFO
[0.615s] writing dependency_links to ../build/robotic_musician/robotic_musician.egg-info/dependency_links.txt
[0.615s] writing entry points to ../build/robotic_musician/robotic_musician.egg-info/entry_points.txt
[0.615s] writing requirements to ../build/robotic_musician/robotic_musician.egg-info/requires.txt
[0.615s] writing top-level names to ../build/robotic_musician/robotic_musician.egg-info/top_level.txt
[0.638s] reading manifest file '../build/robotic_musician/robotic_musician.egg-info/SOURCES.txt'
[0.638s] adding license file 'LICENSE'
[0.638s] writing manifest file '../build/robotic_musician/robotic_musician.egg-info/SOURCES.txt'
[0.638s] running build
[0.638s] running build_py
[0.639s] running install
[0.643s] running install_lib
[0.654s] running install_data
[0.654s] running install_egg_info
[0.665s] removing '/home/student/robotic_musician/install/robotic_musician/lib/python3.12/site-packages/robotic_musician-0.0.0-py3.12.egg-info' (and everything under it)
[0.665s] Copying ../build/robotic_musician/robotic_musician.egg-info to /home/student/robotic_musician/install/robotic_musician/lib/python3.12/site-packages/robotic_musician-0.0.0-py3.12.egg-info
[0.666s] running install_scripts
[0.740s] Installing gesture script to /home/student/robotic_musician/install/robotic_musician/lib/robotic_musician
[0.741s] Installing music script to /home/student/robotic_musician/install/robotic_musician/lib/robotic_musician
[0.741s] writing list of installed files to '/home/student/robotic_musician/build/robotic_musician/install.log'
[0.755s] Invoked command in '/home/student/robotic_musician/src' returned '0': DEBUGINFOD_URLS=https://debuginfod.ubuntu.com PYTHONPATH=/home/student/robotic_musician/build/robotic_musician/prefix_override:/usr/lib/python3/dist-packages/colcon_core/task/python/colcon_distutils_commands:/home/student/robotic_musician/install/robotic_musician/lib/python3.12/site-packages:${PYTHONPATH} /usr/bin/python3 -W ignore:setup.py install is deprecated -W ignore:easy_install command is deprecated setup.py egg_info --egg-base ../build/robotic_musician build --build-base /home/student/robotic_musician/build/robotic_musician/build install --record /home/student/robotic_musician/build/robotic_musician/install.log --single-version-externally-managed install_data
