[1.545s] Invoking command in '/home/student/robotic_musician/src': DEBUGINFOD_URLS=https://debuginfod.ubuntu.com PYTHONPATH=/home/student/robotic_musician/build/robotic_musician/prefix_override:/usr/lib/python3/dist-packages/colcon_core/task/python/colcon_distutils_commands:/home/student/robotic_musician/install/robotic_musician/lib/python3.12/site-packages:${PYTHONPATH} /usr/bin/python3 -W ignore:setup.py install is deprecated -W ignore:easy_install command is deprecated setup.py egg_info --egg-base ../build/robotic_musician build --build-base /home/student/robotic_musician/build/robotic_musician/build install --record /home/student/robotic_musician/build/robotic_musician/install.log --single-version-externally-managed install_data
[2.038s] running egg_info
[2.080s] writing ../build/robotic_musician/robotic_musician.egg-info/PKG-INFO
[2.080s] writing dependency_links to ../build/robotic_musician/robotic_musician.egg-info/dependency_links.txt
[2.081s] writing entry points to ../build/robotic_musician/robotic_musician.egg-info/entry_points.txt
[2.081s] writing requirements to ../build/robotic_musician/robotic_musician.egg-info/requires.txt
[2.081s] writing top-level names to ../build/robotic_musician/robotic_musician.egg-info/top_level.txt
[2.116s] reading manifest file '../build/robotic_musician/robotic_musician.egg-info/SOURCES.txt'
[2.117s] adding license file 'LICENSE'
[2.117s] writing manifest file '../build/robotic_musician/robotic_musician.egg-info/SOURCES.txt'
[2.117s] running build
[2.117s] running build_py
[2.118s] running install
[2.142s] running install_lib
[2.187s] running install_data
[2.187s] running install_egg_info
[2.206s] removing '/home/student/robotic_musician/install/robotic_musician/lib/python3.12/site-packages/robotic_musician-0.0.0-py3.12.egg-info' (and everything under it)
[2.206s] Copying ../build/robotic_musician/robotic_musician.egg-info to /home/student/robotic_musician/install/robotic_musician/lib/python3.12/site-packages/robotic_musician-0.0.0-py3.12.egg-info
[2.207s] running install_scripts
[2.417s] Installing gesture script to /home/student/robotic_musician/install/robotic_musician/lib/robotic_musician
[2.417s] Installing music script to /home/student/robotic_musician/install/robotic_musician/lib/robotic_musician
[2.418s] writing list of installed files to '/home/student/robotic_musician/build/robotic_musician/install.log'
[2.489s] Invoked command in '/home/student/robotic_musician/src' returned '0': DEBUGINFOD_URLS=https://debuginfod.ubuntu.com PYTHONPATH=/home/student/robotic_musician/build/robotic_musician/prefix_override:/usr/lib/python3/dist-packages/colcon_core/task/python/colcon_distutils_commands:/home/student/robotic_musician/install/robotic_musician/lib/python3.12/site-packages:${PYTHONPATH} /usr/bin/python3 -W ignore:setup.py install is deprecated -W ignore:easy_install command is deprecated setup.py egg_info --egg-base ../build/robotic_musician build --build-base /home/student/robotic_musician/build/robotic_musician/build install --record /home/student/robotic_musician/build/robotic_musician/install.log --single-version-externally-managed install_data
