[1.519s] Invoking command in '/home/student/robotic_musician/src': DEBUGINFOD_URLS=https://debuginfod.ubuntu.com PYTHONPATH=/home/student/robotic_musician/build/robotic_musician/prefix_override:/usr/lib/python3/dist-packages/colcon_core/task/python/colcon_distutils_commands:/home/student/robotic_musician/install/robotic_musician/lib/python3.12/site-packages:${PYTHONPATH} /usr/bin/python3 -W ignore:setup.py install is deprecated -W ignore:easy_install command is deprecated setup.py egg_info --egg-base ../build/robotic_musician build --build-base /home/student/robotic_musician/build/robotic_musician/build install --record /home/student/robotic_musician/build/robotic_musician/install.log --single-version-externally-managed install_data
[2.039s] running egg_info
[2.082s] writing ../build/robotic_musician/robotic_musician.egg-info/PKG-INFO
[2.082s] writing dependency_links to ../build/robotic_musician/robotic_musician.egg-info/dependency_links.txt
[2.082s] writing entry points to ../build/robotic_musician/robotic_musician.egg-info/entry_points.txt
[2.083s] writing requirements to ../build/robotic_musician/robotic_musician.egg-info/requires.txt
[2.083s] writing top-level names to ../build/robotic_musician/robotic_musician.egg-info/top_level.txt
[2.158s] reading manifest file '../build/robotic_musician/robotic_musician.egg-info/SOURCES.txt'
[2.159s] adding license file 'LICENSE'
[2.160s] writing manifest file '../build/robotic_musician/robotic_musician.egg-info/SOURCES.txt'
[2.161s] running build
[2.161s] running build_py
[2.162s] running install
[2.171s] running install_lib
[2.221s] running install_data
[2.222s] running install_egg_info
[2.259s] removing '/home/student/robotic_musician/install/robotic_musician/lib/python3.12/site-packages/robotic_musician-0.0.0-py3.12.egg-info' (and everything under it)
[2.260s] Copying ../build/robotic_musician/robotic_musician.egg-info to /home/student/robotic_musician/install/robotic_musician/lib/python3.12/site-packages/robotic_musician-0.0.0-py3.12.egg-info
[2.261s] running install_scripts
[2.517s] Installing gesture script to /home/student/robotic_musician/install/robotic_musician/lib/robotic_musician
[2.518s] Installing music script to /home/student/robotic_musician/install/robotic_musician/lib/robotic_musician
[2.518s] writing list of installed files to '/home/student/robotic_musician/build/robotic_musician/install.log'
[2.570s] Invoked command in '/home/student/robotic_musician/src' returned '0': DEBUGINFOD_URLS=https://debuginfod.ubuntu.com PYTHONPATH=/home/student/robotic_musician/build/robotic_musician/prefix_override:/usr/lib/python3/dist-packages/colcon_core/task/python/colcon_distutils_commands:/home/student/robotic_musician/install/robotic_musician/lib/python3.12/site-packages:${PYTHONPATH} /usr/bin/python3 -W ignore:setup.py install is deprecated -W ignore:easy_install command is deprecated setup.py egg_info --egg-base ../build/robotic_musician build --build-base /home/student/robotic_musician/build/robotic_musician/build install --record /home/student/robotic_musician/build/robotic_musician/install.log --single-version-externally-managed install_data
