[0.396s] Invoking command in '/home/student/robotic_musician/src': DEBUGINFOD_URLS=https://debuginfod.ubuntu.com PYTHONPATH=/home/student/robotic_musician/build/robotic_musician/prefix_override:/usr/lib/python3/dist-packages/colcon_core/task/python/colcon_distutils_commands:/home/student/robotic_musician/install/robotic_musician/lib/python3.12/site-packages:${PYTHONPATH} /usr/bin/python3 -W ignore:setup.py install is deprecated -W ignore:easy_install command is deprecated setup.py egg_info --egg-base ../build/robotic_musician build --build-base /home/student/robotic_musician/build/robotic_musician/build install --record /home/student/robotic_musician/build/robotic_musician/install.log --single-version-externally-managed install_data
[0.544s] running egg_info
[0.556s] writing ../build/robotic_musician/robotic_musician.egg-info/PKG-INFO
[0.556s] writing dependency_links to ../build/robotic_musician/robotic_musician.egg-info/dependency_links.txt
[0.556s] writing entry points to ../build/robotic_musician/robotic_musician.egg-info/entry_points.txt
[0.556s] writing requirements to ../build/robotic_musician/robotic_musician.egg-info/requires.txt
[0.556s] writing top-level names to ../build/robotic_musician/robotic_musician.egg-info/top_level.txt
[0.574s] reading manifest file '../build/robotic_musician/robotic_musician.egg-info/SOURCES.txt'
[0.574s] adding license file 'LICENSE'
[0.574s] writing manifest file '../build/robotic_musician/robotic_musician.egg-info/SOURCES.txt'
[0.574s] running build
[0.574s] running build_py
[0.575s] running install
[0.578s] running install_lib
[0.588s] running install_data
[0.588s] running install_egg_info
[0.597s] removing '/home/student/robotic_musician/install/robotic_musician/lib/python3.12/site-packages/robotic_musician-0.0.0-py3.12.egg-info' (and everything under it)
[0.597s] Copying ../build/robotic_musician/robotic_musician.egg-info to /home/student/robotic_musician/install/robotic_musician/lib/python3.12/site-packages/robotic_musician-0.0.0-py3.12.egg-info
[0.597s] running install_scripts
[0.663s] Installing gesture script to /home/student/robotic_musician/install/robotic_musician/lib/robotic_musician
[0.663s] Installing music script to /home/student/robotic_musician/install/robotic_musician/lib/robotic_musician
[0.663s] writing list of installed files to '/home/student/robotic_musician/build/robotic_musician/install.log'
[0.675s] Invoked command in '/home/student/robotic_musician/src' returned '0': DEBUGINFOD_URLS=https://debuginfod.ubuntu.com PYTHONPATH=/home/student/robotic_musician/build/robotic_musician/prefix_override:/usr/lib/python3/dist-packages/colcon_core/task/python/colcon_distutils_commands:/home/student/robotic_musician/install/robotic_musician/lib/python3.12/site-packages:${PYTHONPATH} /usr/bin/python3 -W ignore:setup.py install is deprecated -W ignore:easy_install command is deprecated setup.py egg_info --egg-base ../build/robotic_musician build --build-base /home/student/robotic_musician/build/robotic_musician/build install --record /home/student/robotic_musician/build/robotic_musician/install.log --single-version-externally-managed install_data
