running egg_info
creating build/robotic_musician/robotic_musician.egg-info
writing build/robotic_musician/robotic_musician.egg-info/PKG-INFO
writing dependency_links to build/robotic_musician/robotic_musician.egg-info/dependency_links.txt
writing entry points to build/robotic_musician/robotic_musician.egg-info/entry_points.txt
writing requirements to build/robotic_musician/robotic_musician.egg-info/requires.txt
writing top-level names to build/robotic_musician/robotic_musician.egg-info/top_level.txt
writing manifest file 'build/robotic_musician/robotic_musician.egg-info/SOURCES.txt'
reading manifest file 'build/robotic_musician/robotic_musician.egg-info/SOURCES.txt'
adding license file 'LICENSE'
writing manifest file 'build/robotic_musician/robotic_musician.egg-info/SOURCES.txt'
running build
running install
running install_data
creating /home/student/robotic_musician/src/install/robotic_musician/share/ament_index
creating /home/student/robotic_musician/src/install/robotic_musician/share/ament_index/resource_index
creating /home/student/robotic_musician/src/install/robotic_musician/share/ament_index/resource_index/packages
copying resource/robotic_musician -> /home/student/robotic_musician/src/install/robotic_musician/share/ament_index/resource_index/packages
copying package.xml -> /home/student/robotic_musician/src/install/robotic_musician/share/robotic_musician
running install_egg_info
Copying build/robotic_musician/robotic_musician.egg-info to /home/student/robotic_musician/src/install/robotic_musician/lib/python3.12/site-packages/robotic_musician-0.0.0-py3.12.egg-info
running install_scripts
Installing gesture script to /home/student/robotic_musician/src/install/robotic_musician/lib/robotic_musician
Installing music script to /home/student/robotic_musician/src/install/robotic_musician/lib/robotic_musician
writing list of installed files to '/home/student/robotic_musician/src/build/robotic_musician/install.log'
