[1.018s] Invoking command in '/home/student/robotic_musician/src': DEBUGINFOD_URLS=https://debuginfod.ubuntu.com PYTHONPATH=/home/student/robotic_musician/src/build/robotic_musician/prefix_override:/usr/lib/python3/dist-packages/colcon_core/task/python/colcon_distutils_commands:/home/student/robotic_musician/src/install/robotic_musician/lib/python3.12/site-packages:${PYTHONPATH} /usr/bin/python3 -W ignore:setup.py install is deprecated -W ignore:easy_install command is deprecated setup.py egg_info --egg-base build/robotic_musician build --build-base /home/student/robotic_musician/src/build/robotic_musician/build install --record /home/student/robotic_musician/src/build/robotic_musician/install.log --single-version-externally-managed install_data
[1.393s] running egg_info
[1.393s] creating build/robotic_musician/robotic_musician.egg-info
[1.406s] writing build/robotic_musician/robotic_musician.egg-info/PKG-INFO
[1.406s] writing dependency_links to build/robotic_musician/robotic_musician.egg-info/dependency_links.txt
[1.406s] writing entry points to build/robotic_musician/robotic_musician.egg-info/entry_points.txt
[1.406s] writing requirements to build/robotic_musician/robotic_musician.egg-info/requires.txt
[1.407s] writing top-level names to build/robotic_musician/robotic_musician.egg-info/top_level.txt
[1.407s] writing manifest file 'build/robotic_musician/robotic_musician.egg-info/SOURCES.txt'
[1.437s] reading manifest file 'build/robotic_musician/robotic_musician.egg-info/SOURCES.txt'
[1.438s] adding license file 'LICENSE'
[1.439s] writing manifest file 'build/robotic_musician/robotic_musician.egg-info/SOURCES.txt'
[1.439s] running build
[1.439s] running install
[1.454s] running install_data
[1.454s] creating /home/student/robotic_musician/src/install/robotic_musician/share/ament_index
[1.455s] creating /home/student/robotic_musician/src/install/robotic_musician/share/ament_index/resource_index
[1.455s] creating /home/student/robotic_musician/src/install/robotic_musician/share/ament_index/resource_index/packages
[1.455s] copying resource/robotic_musician -> /home/student/robotic_musician/src/install/robotic_musician/share/ament_index/resource_index/packages
[1.455s] copying package.xml -> /home/student/robotic_musician/src/install/robotic_musician/share/robotic_musician
[1.456s] running install_egg_info
[1.489s] Copying build/robotic_musician/robotic_musician.egg-info to /home/student/robotic_musician/src/install/robotic_musician/lib/python3.12/site-packages/robotic_musician-0.0.0-py3.12.egg-info
[1.489s] running install_scripts
[1.621s] Installing gesture script to /home/student/robotic_musician/src/install/robotic_musician/lib/robotic_musician
[1.622s] Installing music script to /home/student/robotic_musician/src/install/robotic_musician/lib/robotic_musician
[1.622s] writing list of installed files to '/home/student/robotic_musician/src/build/robotic_musician/install.log'
[1.674s] Invoked command in '/home/student/robotic_musician/src' returned '0': DEBUGINFOD_URLS=https://debuginfod.ubuntu.com PYTHONPATH=/home/student/robotic_musician/src/build/robotic_musician/prefix_override:/usr/lib/python3/dist-packages/colcon_core/task/python/colcon_distutils_commands:/home/student/robotic_musician/src/install/robotic_musician/lib/python3.12/site-packages:${PYTHONPATH} /usr/bin/python3 -W ignore:setup.py install is deprecated -W ignore:easy_install command is deprecated setup.py egg_info --egg-base build/robotic_musician build --build-base /home/student/robotic_musician/src/build/robotic_musician/build install --record /home/student/robotic_musician/src/build/robotic_musician/install.log --single-version-externally-managed install_data
