[0.467s] Invoking command in '/home/student/robotic_musician/src': DEBUGINFOD_URLS=https://debuginfod.ubuntu.com PYTHONPATH=/home/student/robotic_musician/build/robotic_musician/prefix_override:/usr/lib/python3/dist-packages/colcon_core/task/python/colcon_distutils_commands:/home/student/robotic_musician/install/robotic_musician/lib/python3.12/site-packages:${PYTHONPATH} /usr/bin/python3 -W ignore:setup.py install is deprecated -W ignore:easy_install command is deprecated setup.py egg_info --egg-base ../build/robotic_musician build --build-base /home/student/robotic_musician/build/robotic_musician/build install --record /home/student/robotic_musician/build/robotic_musician/install.log --single-version-externally-managed install_data
[0.600s] running egg_info
[0.609s] writing ../build/robotic_musician/robotic_musician.egg-info/PKG-INFO
[0.610s] writing dependency_links to ../build/robotic_musician/robotic_musician.egg-info/dependency_links.txt
[0.610s] writing entry points to ../build/robotic_musician/robotic_musician.egg-info/entry_points.txt
[0.610s] writing requirements to ../build/robotic_musician/robotic_musician.egg-info/requires.txt
[0.610s] writing top-level names to ../build/robotic_musician/robotic_musician.egg-info/top_level.txt
[0.645s] reading manifest file '../build/robotic_musician/robotic_musician.egg-info/SOURCES.txt'
[0.645s] adding license file 'LICENSE'
[0.645s] writing manifest file '../build/robotic_musician/robotic_musician.egg-info/SOURCES.txt'
[0.645s] running build
[0.645s] running build_py
[0.645s] copying robotic_musician/gesture.py -> /home/student/robotic_musician/build/robotic_musician/build/lib/robotic_musician
[0.646s] running install
[0.648s] running install_lib
[0.657s] copying /home/student/robotic_musician/build/robotic_musician/build/lib/robotic_musician/gesture.py -> /home/student/robotic_musician/install/robotic_musician/lib/python3.12/site-packages/robotic_musician
[0.657s] byte-compiling /home/student/robotic_musician/install/robotic_musician/lib/python3.12/site-packages/robotic_musician/gesture.py to gesture.cpython-312.pyc
[0.659s] running install_data
[0.659s] running install_egg_info
[0.668s] removing '/home/student/robotic_musician/install/robotic_musician/lib/python3.12/site-packages/robotic_musician-0.0.0-py3.12.egg-info' (and everything under it)
[0.668s] Copying ../build/robotic_musician/robotic_musician.egg-info to /home/student/robotic_musician/install/robotic_musician/lib/python3.12/site-packages/robotic_musician-0.0.0-py3.12.egg-info
[0.669s] running install_scripts
[0.741s] Installing gesture script to /home/student/robotic_musician/install/robotic_musician/lib/robotic_musician
[0.741s] Installing music script to /home/student/robotic_musician/install/robotic_musician/lib/robotic_musician
[0.742s] writing list of installed files to '/home/student/robotic_musician/build/robotic_musician/install.log'
[0.755s] Invoked command in '/home/student/robotic_musician/src' returned '0': DEBUGINFOD_URLS=https://debuginfod.ubuntu.com PYTHONPATH=/home/student/robotic_musician/build/robotic_musician/prefix_override:/usr/lib/python3/dist-packages/colcon_core/task/python/colcon_distutils_commands:/home/student/robotic_musician/install/robotic_musician/lib/python3.12/site-packages:${PYTHONPATH} /usr/bin/python3 -W ignore:setup.py install is deprecated -W ignore:easy_install command is deprecated setup.py egg_info --egg-base ../build/robotic_musician build --build-base /home/student/robotic_musician/build/robotic_musician/build install --record /home/student/robotic_musician/build/robotic_musician/install.log --single-version-externally-managed install_data
