[1.394s] Invoking command in '/home/student/robotic_musician/src': DEBUGINFOD_URLS=https://debuginfod.ubuntu.com PYTHONPATH=/home/student/robotic_musician/build/robotic_musician/prefix_override:/usr/lib/python3/dist-packages/colcon_core/task/python/colcon_distutils_commands:/home/student/robotic_musician/install/robotic_musician/lib/python3.12/site-packages:${PYTHONPATH} /usr/bin/python3 -W ignore:setup.py install is deprecated -W ignore:easy_install command is deprecated setup.py egg_info --egg-base ../build/robotic_musician build --build-base /home/student/robotic_musician/build/robotic_musician/build install --record /home/student/robotic_musician/build/robotic_musician/install.log --single-version-externally-managed install_data
[1.858s] running egg_info
[1.883s] writing ../build/robotic_musician/robotic_musician.egg-info/PKG-INFO
[1.883s] writing dependency_links to ../build/robotic_musician/robotic_musician.egg-info/dependency_links.txt
[1.884s] writing entry points to ../build/robotic_musician/robotic_musician.egg-info/entry_points.txt
[1.884s] writing requirements to ../build/robotic_musician/robotic_musician.egg-info/requires.txt
[1.884s] writing top-level names to ../build/robotic_musician/robotic_musician.egg-info/top_level.txt
[1.969s] reading manifest file '../build/robotic_musician/robotic_musician.egg-info/SOURCES.txt'
[1.970s] adding license file 'LICENSE'
[1.970s] writing manifest file '../build/robotic_musician/robotic_musician.egg-info/SOURCES.txt'
[1.970s] running build
[1.970s] running build_py
[1.971s] copying robotic_musician/gesture.py -> /home/student/robotic_musician/build/robotic_musician/build/lib/robotic_musician
[1.971s] running install
[1.980s] running install_lib
[2.026s] copying /home/student/robotic_musician/build/robotic_musician/build/lib/robotic_musician/gesture.py -> /home/student/robotic_musician/install/robotic_musician/lib/python3.12/site-packages/robotic_musician
[2.027s] byte-compiling /home/student/robotic_musician/install/robotic_musician/lib/python3.12/site-packages/robotic_musician/gesture.py to gesture.cpython-312.pyc
[2.031s] running install_data
[2.033s] running install_egg_info
[2.073s] removing '/home/student/robotic_musician/install/robotic_musician/lib/python3.12/site-packages/robotic_musician-0.0.0-py3.12.egg-info' (and everything under it)
[2.074s] Copying ../build/robotic_musician/robotic_musician.egg-info to /home/student/robotic_musician/install/robotic_musician/lib/python3.12/site-packages/robotic_musician-0.0.0-py3.12.egg-info
[2.076s] running install_scripts
[2.316s] Installing gesture script to /home/student/robotic_musician/install/robotic_musician/lib/robotic_musician
[2.316s] Installing music script to /home/student/robotic_musician/install/robotic_musician/lib/robotic_musician
[2.317s] writing list of installed files to '/home/student/robotic_musician/build/robotic_musician/install.log'
[2.378s] Invoked command in '/home/student/robotic_musician/src' returned '0': DEBUGINFOD_URLS=https://debuginfod.ubuntu.com PYTHONPATH=/home/student/robotic_musician/build/robotic_musician/prefix_override:/usr/lib/python3/dist-packages/colcon_core/task/python/colcon_distutils_commands:/home/student/robotic_musician/install/robotic_musician/lib/python3.12/site-packages:${PYTHONPATH} /usr/bin/python3 -W ignore:setup.py install is deprecated -W ignore:easy_install command is deprecated setup.py egg_info --egg-base ../build/robotic_musician build --build-base /home/student/robotic_musician/build/robotic_musician/build install --record /home/student/robotic_musician/build/robotic_musician/install.log --single-version-externally-managed install_data
